Admin@VAIOpro11 MINGW64 ~/PycharmProjects/github-pr-sandbox (main)
$ git remote -v
origin  https://github.com/yahata1311/github-pr-sandbox.git (fetch)
origin  https://github.com/yahata1311/github-pr-sandbox.git (push)

Admin@VAIOpro11 MINGW64 ~/PycharmProjects/github-pr-sandbox (main)
$ git branch
* main

Admin@VAIOpro11 MINGW64 ~/PycharmProjects/github-pr-sandbox (main)
$ git branch
* main

Admin@VAIOpro11 MINGW64 ~/PycharmProjects/github-pr-sandbox (main)
$ git branch pr-yahata1311

Admin@VAIOpro11 MINGW64 ~/PycharmProjects/github-pr-sandbox (main)
$ git branch
* main
  pr-yahata1311

Admin@VAIOpro11 MINGW64 ~/PycharmProjects/github-pr-sandbox (main)
$ git switch pr-yahata1311
Switched to branch 'pr-yahata1311'

Admin@VAIOpro11 MINGW64 ~/PycharmProjects/github-pr-sandbox (pr-yahata1311)
$ git branch
  main
* pr-yahata1311

ﾃｷｽﾄﾌｧｲﾙ作成
echo ﾃｷｽﾄ作成　＞　yahata1311.txt の意味
echoから＞までの文字（ﾃｷｽﾄ作成）をyahata1311.txtの中に入れ込める。

Admin@VAIOpro11 MINGW64 ~/PycharmProjects/github-pr-sandbox (pr-yahata1311)
$ git status
On branch pr-yahata1311
Untracked files:
  (use "git add <file>..." to include in what will be committed)
        yahata1311.txt

nothing added to commit but untracked files present (use "git add" to track)

Admin@VAIOpro11 MINGW64 ~/PycharmProjects/github-pr-sandbox (pr-yahata1311)
$ git add yahata1311.txt

Admin@VAIOpro11 MINGW64 ~/PycharmProjects/github-pr-sandbox (pr-yahata1311)
$ git status
On branch pr-yahata1311
Changes to be committed:
  (use "git restore --staged <file>..." to unstage)
        new file:   yahata1311.txt


Admin@VAIOpro11 MINGW64 ~/PycharmProjects/github-pr-sandbox (pr-yahata1311)
$ git commit -m "yahata1311からのコミット"
[pr-yahata1311 c7e23a2] yahata1311からのコミット
 1 file changed, 35 insertions(+)
 create mode 100644 yahata1311.txt


